{"id": 1, "name": "Alice", "email": "alice@example.com", "updated_at": "2026-08-15T12:14:04.258143", "detected_at": "2026-08-15T19:14:04.272079"}
{"id": 1, "name": "Alice", "email": "alice@example.com", "updated_at": "2026-08-15T12:14:04.258143", "detected_at": "2026-08-15T19:14:06.303384"}
{"id": 1, "name": "Alice", "email": "alice@example.com", "updated_at": "2026-08-15T12:14:04.258143", "detected_at": "2026-08-15T19:14:08.328839"}
{"id": 1, "name": "Alice", "email": "alice@example.com", "updated_at": "2026-08-15T12:14:04.258143", "detected_at": "2026-08-15T19:14:10.340278"}
{"id": 1, "name": "Alice", "email": "alice@example.com", "updated_at": "2026-08-15T12:14:04.258143", "detected_at": "2026-08-15T19:14:12.364771"}
{"id": 1, "name": "Alice", "email": "alice@example.com", "updated_at": "2026-08-15T12:14:04.258143", "detected_at": "2026-08-15T19:14:14.376918"}
{"id": 1, "name": "Alice", "email": "alice@example.com", "updated_at": "2026-08-15T12:14:04.258143", "detected_at": "2026-08-15T19:14:16.406223"}
{"id": 1, "name": "Alice", "email": "alice@example.com", "updated_at": "2026-08-15T12:14:04.258143", "detected_at": "2026-08-15T19:14:18.418018"}
{"id": 1, "name": "Alice", "email": "alice@example.com", "updated_at": "2026-08-15T12:14:04.258143", "detected_at": "2026-08-15T19:14:20.431569"}
{"id": 1, "name": "Alice", "email": "alice@example.com", "updated_at": "2026-08-15T12:14:04.258143", "detected_at": "2026-08-15T19:14:22.443817"}
{"id": 1, "name": "Alice", "email": "alice@example.com", "updated_at": "2026-08-15T12:14:04.258143", "detected_at": "2026-08-15T19:14:24.468649"}
{"id": 1, "name": "Alice", "email": "alice@example.com", "updated_at": "2026-08-15T12:14:04.258143", "detected_at": "2026-08-15T19:14:26.485454"}
{"id": 1, "name": "Alice", "email": "alice@example.com", "updated_at": "2026-08-15T12:14:04.258143", "detected_at": "2026-08-15T19:14:28.500958"}
{"id": 1, "name": "Alice", "email": "alice@example.com", "updated_at": "2026-08-15T12:14:04.258143", "detected_at": "2026-08-15T19:14:30.521100"}
{"id": 1, "name": "Alice", "email": "alice@example.com", "updated_at": "2026-08-15T12:14:04.258143", "detected_at": "2026-08-15T19:14:32.548113"}
{"id": 1, "name": "Alice", "email": "alice@example.com", "updated_at": "2026-08-15T12:14:04.258143", "detected_at": "2026-08-15T19:14:34.572388"}
{"id": 1, "name": "Alice", "email": "alice@example.com", "updated_at": "2026-08-15T12:14:04.258143", "detected_at": "2026-08-15T19:14:36.591574"}
{"id": 1, "name": "Alice", "email": "alice@example.com", "updated_at": "2026-08-15T12:14:04.258143", "detected_at": "2026-08-15T19:14:38.612163"}
{"id": 1, "name": "Alice", "email": "alice@example.com", "updated_at": "2026-08-15T12:14:04.258143", "detected_at": "2026-08-15T19:14:40.623542"}
{"id": 1, "name": "Alice", "email": "alice@example.com", "updated_at": "2026-08-15T12:14:04.258143", "detected_at": "2026-08-15T19:14:42.649723"}
{"id": 2, "name": "Bob", "email": "bob@example.com", "updated_at": "2026-08-15T12:14:42.536480", "detected_at": "2026-08-15T19:14:42.649924"}
{"id": 1, "name": "Alice", "email": "alice@example.com", "updated_at": "2026-08-15T12:14:04.258143", "detected_at": "2026-08-15T19:14:44.674419"}
{"id": 2, "name": "Bob", "email": "bob@example.com", "updated_at": "2026-08-15T12:14:42.536480", "detected_at": "2026-08-15T19:14:44.674631"}
{"id": 1, "name": "Alice", "email": "alice@example.com", "updated_at": "2026-08-15T12:14:04.258143", "detected_at": "2026-08-15T19:14:46.688233"}
{"id": 2, "name": "Bob", "email": "bob@example.com", "updated_at": "2026-08-15T12:14:42.536480", "detected_at": "2026-08-15T19:14:46.688352"}
{"id": 1, "name": "Alice", "email": "alice@example.com", "updated_at": "2026-08-15T12:14:04.258143", "detected_at": "2026-08-15T19:14:48.700580"}
{"id": 2, "name": "Bob", "email": "bob@example.com", "updated_at": "2026-08-15T12:14:42.536480", "detected_at": "2026-08-15T19:14:48.700686"}
{"id": 1, "name": "Alice", "email": "alice@example.com", "updated_at": "2026-08-15T12:14:04.258143", "detected_at": "2026-08-15T19:14:50.712178"}
{"id": 2, "name": "Bob", "email": "bob@example.com", "updated_at": "2026-08-15T12:14:42.536480", "detected_at": "2026-08-15T19:14:50.712283"}
{"id": 1, "name": "Alice", "email": "alice@example.com", "updated_at": "2026-08-15T12:14:04.258143", "detected_at": "2026-08-15T19:14:52.726063"}
{"id": 2, "name": "Bob", "email": "bob@example.com", "updated_at": "2026-08-15T12:14:42.536480", "detected_at": "2026-08-15T19:14:52.726186"}
{"id": 1, "name": "Alice", "email": "alice@example.com", "updated_at": "2026-08-15T12:14:04.258143", "detected_at": "2026-08-15T19:14:54.749871"}
{"id": 2, "name": "Bob", "email": "bob@example.com", "updated_at": "2026-08-15T12:14:42.536480", "detected_at": "2026-08-15T19:14:54.750057"}
{"id": 1, "name": "Alice", "email": "alice@example.com", "updated_at": "2026-08-15T12:14:04.258143", "detected_at": "2026-08-15T19:14:56.761834"}
{"id": 2, "name": "Bob", "email": "bob@example.com", "updated_at": "2026-08-15T12:14:42.536480", "detected_at": "2026-08-15T19:14:56.761930"}
{"id": 1, "name": "Alice", "email": "alice@example.com", "updated_at": "2026-08-15T12:14:04.258143", "detected_at": "2026-08-15T19:14:58.782141"}
{"id": 2, "name": "Bob", "email": "bob@example.com", "updated_at": "2026-08-15T12:14:42.536480", "detected_at": "2026-08-15T19:14:58.782312"}
{"id": 3, "name": "Toni", "email": "toni@example.com", "updated_at": "2026-08-15T12:14:58.233539", "detected_at": "2026-08-15T19:14:58.782400"}
{"id": 1, "name": "Alice", "email": "alice@example.com", "updated_at": "2026-08-15T12:14:04.258143", "detected_at": "2026-08-15T19:15:00.793516"}
{"id": 2, "name": "Bob", "email": "bob@example.com", "updated_at": "2026-08-15T12:14:42.536480", "detected_at": "2026-08-15T19:15:00.793628"}
{"id": 3, "name": "Toni", "email": "toni@example.com", "updated_at": "2026-08-15T12:14:58.233539", "detected_at": "2026-08-15T19:15:00.793671"}
{"id": 1, "name": "Alice", "email": "alice@example.com", "updated_at": "2026-08-15T12:14:04.258143", "detected_at": "2026-08-15T19:15:02.805413"}
{"id": 2, "name": "Bob", "email": "bob@example.com", "updated_at": "2026-08-15T12:14:42.536480", "detected_at": "2026-08-15T19:15:02.805507"}
{"id": 3, "name": "Toni", "email": "toni@example.com", "updated_at": "2026-08-15T12:14:58.233539", "detected_at": "2026-08-15T19:15:02.805552"}
{"id": 1, "name": "Alice", "email": "alice@example.com", "updated_at": "2026-08-15T12:14:04.258143", "detected_at": "2026-08-15T19:15:04.817586"}
{"id": 2, "name": "Bob", "email": "bob@example.com", "updated_at": "2026-08-15T12:14:42.536480", "detected_at": "2026-08-15T19:15:04.817687"}
{"id": 3, "name": "Toni", "email": "toni@example.com", "updated_at": "2026-08-15T12:14:58.233539", "detected_at": "2026-08-15T19:15:04.817731"}
{"id": 1, "name": "Alice", "email": "alice@example.com", "updated_at": "2026-08-15T12:14:04.258143", "detected_at": "2026-08-15T19:15:06.840330"}
{"id": 2, "name": "Bob", "email": "bob@example.com", "updated_at": "2026-08-15T12:14:42.536480", "detected_at": "2026-08-15T19:15:06.840446"}
{"id": 3, "name": "Toni", "email": "toni@example.com", "updated_at": "2026-08-15T12:14:58.233539", "detected_at": "2026-08-15T19:15:06.840497"}
{"id": 2, "name": "Bob", "email": "bob@example.com", "updated_at": "2026-08-15T12:14:42.536480", "detected_at": "2026-08-15T19:15:08.865385"}
{"id": 3, "name": "Toni", "email": "toni@example.com", "updated_at": "2026-08-15T12:14:58.233539", "detected_at": "2026-08-15T19:15:08.865570"}
{"id": 1, "name": "Alice", "email": "alice_new@example.com", "updated_at": "2026-08-15T12:15:08.418376", "detected_at": "2026-08-15T19:15:08.866295"}
{"id": 2, "name": "Bob", "email": "bob@example.com", "updated_at": "2026-08-15T12:14:42.536480", "detected_at": "2026-08-15T19:15:10.878073"}
{"id": 3, "name": "Toni", "email": "toni@example.com", "updated_at": "2026-08-15T12:14:58.233539", "detected_at": "2026-08-15T19:15:10.878198"}
{"id": 1, "name": "Alice", "email": "alice_new@example.com", "updated_at": "2026-08-15T12:15:08.418376", "detected_at": "2026-08-15T19:15:10.878246"}
{"id": 2, "name": "Bob", "email": "bob@example.com", "updated_at": "2026-08-15T12:14:42.536480", "detected_at": "2026-08-15T19:15:12.905874"}
{"id": 3, "name": "Toni", "email": "toni@example.com", "updated_at": "2026-08-15T12:14:58.233539", "detected_at": "2026-08-15T19:15:12.905981"}
{"id": 1, "name": "Alice", "email": "alice_new@example.com", "updated_at": "2026-08-15T12:15:08.418376", "detected_at": "2026-08-15T19:15:12.906024"}
{"id": 2, "name": "Bob", "email": "bob@example.com", "updated_at": "2026-08-15T12:14:42.536480", "detected_at": "2026-08-15T19:15:14.924900"}
{"id": 3, "name": "Toni", "email": "toni@example.com", "updated_at": "2026-08-15T12:14:58.233539", "detected_at": "2026-08-15T19:15:14.925222"}
{"id": 1, "name": "Alice", "email": "alice_new@example.com", "updated_at": "2026-08-15T12:15:08.418376", "detected_at": "2026-08-15T19:15:14.925319"}
{"id": 2, "name": "Bob", "email": "bob@example.com", "updated_at": "2026-08-15T12:14:42.536480", "detected_at": "2026-08-15T19:15:16.936934"}
{"id": 3, "name": "Toni", "email": "toni@example.com", "updated_at": "2026-08-15T12:14:58.233539", "detected_at": "2026-08-15T19:15:16.937046"}
{"id": 1, "name": "Alice", "email": "alice_new@example.com", "updated_at": "2026-08-15T12:15:08.418376", "detected_at": "2026-08-15T19:15:16.937096"}
{"id": 2, "name": "Bob", "email": "bob@example.com", "updated_at": "2026-08-15T12:14:42.536480", "detected_at": "2026-08-15T19:15:18.950398"}
{"id": 3, "name": "Toni", "email": "toni@example.com", "updated_at": "2026-08-15T12:14:58.233539", "detected_at": "2026-08-15T19:15:18.950873"}
{"id": 1, "name": "Alice", "email": "alice_new@example.com", "updated_at": "2026-08-15T12:15:08.418376", "detected_at": "2026-08-15T19:15:18.951103"}
{"id": 2, "name": "Bob", "email": "bob@example.com", "updated_at": "2026-08-15T12:14:42.536480", "detected_at": "2026-08-15T19:15:20.963633"}
{"id": 3, "name": "Toni", "email": "toni@example.com", "updated_at": "2026-08-15T12:14:58.233539", "detected_at": "2026-08-15T19:15:20.963764"}
{"id": 1, "name": "Alice", "email": "alice_new@example.com", "updated_at": "2026-08-15T12:15:08.418376", "detected_at": "2026-08-15T19:15:20.963807"}
{"id": 2, "name": "Bob", "email": "bob@example.com", "updated_at": "2026-08-15T12:14:42.536480", "detected_at": "2026-08-15T19:15:22.975811"}
{"id": 3, "name": "Toni", "email": "toni@example.com", "updated_at": "2026-08-15T12:14:58.233539", "detected_at": "2026-08-15T19:15:22.975916"}
{"id": 1, "name": "Alice", "email": "alice_new@example.com", "updated_at": "2026-08-15T12:15:08.418376", "detected_at": "2026-08-15T19:15:22.975973"}
{"id": 2, "name": "Bob", "email": "bob@example.com", "updated_at": "2026-08-15T12:14:42.536480", "detected_at": "2026-08-15T19:16:46.830477"}
{"id": 3, "name": "Toni", "email": "toni@example.com", "updated_at": "2026-08-15T12:14:58.233539", "detected_at": "2026-08-15T19:16:46.830586"}
{"id": 1, "name": "Alice", "email": "alice_new@example.com", "updated_at": "2026-08-15T12:15:08.418376", "detected_at": "2026-08-15T19:16:46.831239"}
{"id": 2, "name": "Bob", "email": "bob@example.com", "updated_at": "2026-08-15T12:14:42.536480", "detected_at": "2026-08-15T19:17:46.863705"}
{"id": 3, "name": "Toni", "email": "toni@example.com", "updated_at": "2026-08-15T12:14:58.233539", "detected_at": "2026-08-15T19:17:46.863953"}
{"id": 1, "name": "Alice", "email": "alice_new@example.com", "updated_at": "2026-08-15T12:15:08.418376", "detected_at": "2026-08-15T19:17:46.864093"}
{"id": 4, "name": "Anton", "email": "Anton@example.com", "updated_at": "2026-08-15T12:17:03.656355", "detected_at": "2026-08-15T19:17:46.864244"}
{"id": 2, "name": "Bob", "email": "bob@example.com", "updated_at": "2026-08-15T12:14:42.536480", "detected_at": "2026-08-15T19:18:46.875880"}
{"id": 3, "name": "Toni", "email": "toni@example.com", "updated_at": "2026-08-15T12:14:58.233539", "detected_at": "2026-08-15T19:18:46.877296"}
{"id": 1, "name": "Alice", "email": "alice_new@example.com", "updated_at": "2026-08-15T12:15:08.418376", "detected_at": "2026-08-15T19:18:46.877457"}
{"id": 4, "name": "Anton", "email": "Anton@example.com", "updated_at": "2026-08-15T12:17:03.656355", "detected_at": "2026-08-15T19:18:46.877558"}
{"id": 2, "name": "Bob", "email": "bob@example.com", "updated_at": "2026-08-15T12:14:42.536480", "detected_at": "2026-08-15T19:54:17.625389"}
{"id": 3, "name": "Toni", "email": "toni@example.com", "updated_at": "2026-08-15T12:14:58.233539", "detected_at": "2026-08-15T19:54:17.626225"}
{"id": 1, "name": "Alice", "email": "alice_new@example.com", "updated_at": "2026-08-15T12:15:08.418376", "detected_at": "2026-08-15T19:54:17.626392"}
{"id": 4, "name": "Anton", "email": "Anton@example.com", "updated_at": "2026-08-15T12:17:03.656355", "detected_at": "2026-08-15T19:54:17.626445"}
{"id": 2, "name": "Bob", "email": "bob@example.com", "updated_at": "2026-08-15T12:14:42.536480", "detected_at": "2026-08-15T19:55:17.645414"}
{"id": 3, "name": "Toni", "email": "toni@example.com", "updated_at": "2026-08-15T12:14:58.233539", "detected_at": "2026-08-15T19:55:17.645645"}
{"id": 1, "name": "Alice", "email": "alice_new@example.com", "updated_at": "2026-08-15T12:15:08.418376", "detected_at": "2026-08-15T19:55:17.645713"}
{"id": 4, "name": "Anton", "email": "Anton@example.com", "updated_at": "2026-08-15T12:17:03.656355", "detected_at": "2026-08-15T19:55:17.645762"}
{"id": 3, "name": "Toni", "email": "toni@example.com", "updated_at": "2026-08-15T12:14:58.233539", "detected_at": "2026-08-15T19:55:55.556761"}
{"id": 1, "name": "Alice", "email": "alice_new@example.com", "updated_at": "2026-08-15T12:15:08.418376", "detected_at": "2026-08-15T19:55:55.556877"}
{"id": 4, "name": "Anton", "email": "Anton@example.com", "updated_at": "2026-08-15T12:17:03.656355", "detected_at": "2026-08-15T19:55:55.556934"}
{"id": 3, "name": "Toni", "email": "toni@example.com", "updated_at": "2026-08-15T12:14:58.233539", "detected_at": "2026-08-15T19:56:00.576636"}
{"id": 1, "name": "Alice", "email": "alice_new@example.com", "updated_at": "2026-08-15T12:15:08.418376", "detected_at": "2026-08-15T19:56:00.576764"}
{"id": 4, "name": "Anton", "email": "Anton@example.com", "updated_at": "2026-08-15T12:17:03.656355", "detected_at": "2026-08-15T19:56:00.576832"}
{"id": 3, "name": "Toni", "email": "toni@example.com", "updated_at": "2026-08-15T12:14:58.233539", "detected_at": "2026-08-15T19:56:05.588043"}
{"id": 1, "name": "Alice", "email": "alice_new@example.com", "updated_at": "2026-08-15T12:15:08.418376", "detected_at": "2026-08-15T19:56:05.588146"}
{"id": 3, "name": "Toni", "email": "toni@example.com", "updated_at": "2026-08-15T12:14:58.233539", "detected_at": "2026-08-15T19:56:10.619380"}
{"id": 1, "name": "Alice", "email": "alice_new@example.com", "updated_at": "2026-08-15T12:15:08.418376", "detected_at": "2026-08-15T19:56:10.619612"}
{"id": 3, "name": "Toni", "email": "toni@example.com", "updated_at": "2026-08-15T12:14:58.233539", "detected_at": "2026-08-15T19:56:15.650201"}
{"id": 1, "name": "Alice", "email": "alice_new@example.com", "updated_at": "2026-08-15T12:15:08.418376", "detected_at": "2026-08-15T19:56:15.650434"}
{"id": 3, "name": "Toni", "email": "toni@example.com", "updated_at": "2026-08-15T12:14:58.233539", "detected_at": "2026-08-15T19:56:20.661939"}
{"id": 1, "name": "Alice", "email": "alice_new@example.com", "updated_at": "2026-08-15T12:15:08.418376", "detected_at": "2026-08-15T19:56:20.662056"}
{"id": 3, "name": "Toni", "email": "toni@example.com", "updated_at": "2026-08-15T12:14:58.233539", "detected_at": "2026-08-15T19:56:25.681037"}
{"id": 1, "name": "Alice", "email": "alice_new@example.com", "updated_at": "2026-08-15T12:15:08.418376", "detected_at": "2026-08-15T19:56:25.681159"}
{"id": 3, "name": "Toni", "email": "toni@example.com", "updated_at": "2026-08-15T12:14:58.233539", "detected_at": "2026-08-15T19:56:30.712315"}
{"id": 1, "name": "Alice", "email": "alice_new@example.com", "updated_at": "2026-08-15T12:15:08.418376", "detected_at": "2026-08-15T19:56:30.712554"}
{"id": 3, "name": "Toni", "email": "toni@example.com", "updated_at": "2026-08-15T12:14:58.233539", "detected_at": "2026-08-15T19:56:35.731936"}
{"id": 1, "name": "Alice", "email": "alice_new@example.com", "updated_at": "2026-08-15T12:15:08.418376", "detected_at": "2026-08-15T19:56:35.732057"}
{"id": 3, "name": "Toni", "email": "toni@example.com", "updated_at": "2026-08-15T12:14:58.233539", "detected_at": "2026-08-15T19:56:40.743421"}
{"id": 1, "name": "Alice", "email": "alice_new@example.com", "updated_at": "2026-08-15T12:15:08.418376", "detected_at": "2026-08-15T19:56:40.743518"}
{"id": 3, "name": "Toni", "email": "toni@example.com", "updated_at": "2026-08-15T12:14:58.233539", "detected_at": "2026-08-15T19:56:45.759403"}
{"id": 1, "name": "Alice", "email": "alice_new@example.com", "updated_at": "2026-08-15T12:15:08.418376", "detected_at": "2026-08-15T19:56:45.759645"}
{"id": 3, "name": "Toni", "email": "toni@example.com", "updated_at": "2026-08-15T12:14:58.233539", "detected_at": "2026-08-15T19:56:50.791301"}
{"id": 1, "name": "Alice", "email": "alice_new@example.com", "updated_at": "2026-08-15T12:15:08.418376", "detected_at": "2026-08-15T19:56:50.791531"}
{"id": 3, "name": "Toni", "email": "toni@example.com", "updated_at": "2026-08-15T12:14:58.233539", "detected_at": "2026-08-15T19:56:55.814814"}
{"id": 1, "name": "Alice", "email": "alice_new@example.com", "updated_at": "2026-08-15T12:15:08.418376", "detected_at": "2026-08-15T19:56:55.814954"}
{"id": 3, "name": "Toni", "email": "toni@example.com", "updated_at": "2026-08-15T12:14:58.233539", "detected_at": "2026-08-15T19:57:00.845960"}
{"id": 1, "name": "Alice", "email": "alice_new@example.com", "updated_at": "2026-08-15T12:15:08.418376", "detected_at": "2026-08-15T19:57:00.846211"}
{"id": 3, "name": "Toni", "email": "toni@example.com", "updated_at": "2026-08-15T12:14:58.233539", "detected_at": "2026-08-15T19:57:05.859321"}
{"id": 1, "name": "Alice", "email": "alice_new@example.com", "updated_at": "2026-08-15T12:15:08.418376", "detected_at": "2026-08-15T19:57:05.859434"}
{"id": 3, "name": "Toni", "email": "toni@example.com", "updated_at": "2026-08-15T12:14:58.233539", "detected_at": "2026-08-15T19:57:10.878501"}
{"id": 1, "name": "Alice", "email": "alice_new@example.com", "updated_at": "2026-08-15T12:15:08.418376", "detected_at": "2026-08-15T19:57:10.878610"}
{"id": 3, "name": "Toni", "email": "toni@example.com", "updated_at": "2026-08-15T12:14:58.233539", "detected_at": "2026-08-15T19:57:15.910189"}
{"id": 1, "name": "Alice", "email": "alice_new@example.com", "updated_at": "2026-08-15T12:15:08.418376", "detected_at": "2026-08-15T19:57:15.910416"}
{"id": 3, "name": "Toni", "email": "toni@example.com", "updated_at": "2026-08-15T12:14:58.233539", "detected_at": "2026-08-15T19:57:20.939707"}
{"id": 1, "name": "Alice", "email": "alice_new@example.com", "updated_at": "2026-08-15T12:15:08.418376", "detected_at": "2026-08-15T19:57:20.939925"}
{"id": 3, "name": "Toni", "email": "toni@example.com", "updated_at": "2026-08-15T12:14:58.233539", "detected_at": "2026-08-15T19:57:25.951496"}
{"id": 1, "name": "Alice", "email": "alice_new@example.com", "updated_at": "2026-08-15T12:15:08.418376", "detected_at": "2026-08-15T19:57:25.951627"}
{"id": 5, "name": "New", "email": "New@example.com", "updated_at": "2026-08-15T12:57:21.540432", "detected_at": "2026-08-15T19:57:25.951678"}
{"id": 3, "name": "Toni", "email": "toni@example.com", "updated_at": "2026-08-15T12:14:58.233539", "detected_at": "2026-08-15T19:57:30.962870"}
{"id": 1, "name": "Alice", "email": "alice_new@example.com", "updated_at": "2026-08-15T12:15:08.418376", "detected_at": "2026-08-15T19:57:30.963014"}
{"id": 5, "name": "New", "email": "New@example.com", "updated_at": "2026-08-15T12:57:21.540432", "detected_at": "2026-08-15T19:57:30.963065"}
